// Jest Snapshot v1, https://goo.gl/fbAQLP

exports[`Renders the app renders App as per snapshot 1`] = `
Object {
  "asFragment": [Function],
  "baseElement": <body>
    <div>
      <div
        class="App"
      >
        <header
          class="App-header"
        >
          <h1>
            ☕
          </h1>
          <div
            class="place-order   "
          >
            <p>
              Place coffee orders
            </p>
            <textarea
              data-testid="coffee-order-input"
              id="orderTextarea"
              placeholder="0900 1730
2022-03-17 10:17:06 001
2022-03-21 09:00 2
2022-03-16 12:34:56 002
2022-03-21 09:00 2"
            />
            <input
              data-testid="submit-button"
              type="submit"
              value="Place Order"
            />
          </div>
        </header>
      </div>
    </div>
  </body>,
  "container": <div>
    <div
      class="App"
    >
      <header
        class="App-header"
      >
        <h1>
          ☕
        </h1>
        <div
          class="place-order   "
        >
          <p>
            Place coffee orders
          </p>
          <textarea
            data-testid="coffee-order-input"
            id="orderTextarea"
            placeholder="0900 1730
2022-03-17 10:17:06 001
2022-03-21 09:00 2
2022-03-16 12:34:56 002
2022-03-21 09:00 2"
          />
          <input
            data-testid="submit-button"
            type="submit"
            value="Place Order"
          />
        </div>
      </header>
    </div>
  </div>,
  "debug": [Function],
  "findAllByAltText": [Function],
  "findAllByDisplayValue": [Function],
  "findAllByLabelText": [Function],
  "findAllByPlaceholderText": [Function],
  "findAllByRole": [Function],
  "findAllByTestId": [Function],
  "findAllByText": [Function],
  "findAllByTitle": [Function],
  "findByAltText": [Function],
  "findByDisplayValue": [Function],
  "findByLabelText": [Function],
  "findByPlaceholderText": [Function],
  "findByRole": [Function],
  "findByTestId": [Function],
  "findByText": [Function],
  "findByTitle": [Function],
  "getAllByAltText": [Function],
  "getAllByDisplayValue": [Function],
  "getAllByLabelText": [Function],
  "getAllByPlaceholderText": [Function],
  "getAllByRole": [Function],
  "getAllByTestId": [Function],
  "getAllByText": [Function],
  "getAllByTitle": [Function],
  "getByAltText": [Function],
  "getByDisplayValue": [Function],
  "getByLabelText": [Function],
  "getByPlaceholderText": [Function],
  "getByRole": [Function],
  "getByTestId": [Function],
  "getByText": [Function],
  "getByTitle": [Function],
  "queryAllByAltText": [Function],
  "queryAllByDisplayValue": [Function],
  "queryAllByLabelText": [Function],
  "queryAllByPlaceholderText": [Function],
  "queryAllByRole": [Function],
  "queryAllByTestId": [Function],
  "queryAllByText": [Function],
  "queryAllByTitle": [Function],
  "queryByAltText": [Function],
  "queryByDisplayValue": [Function],
  "queryByLabelText": [Function],
  "queryByPlaceholderText": [Function],
  "queryByRole": [Function],
  "queryByTestId": [Function],
  "queryByText": [Function],
  "queryByTitle": [Function],
  "rerender": [Function],
  "unmount": [Function],
}
`;
